[vicmart.salescabal.com/index.html]
[backblue.gif]
[fade.gif]
[index.html]
[vicmart.salescabal.com/store/alpha/favicon.png]
[vicmart.salescabal.com/collections.html]
[salescabal.s3.eu-west-3.amazonaws.com/stores/1339/vicmart.png]
[vicmart.salescabal.com/browse.html]
[vicmart.salescabal.com/cart.html]
[salescabal.s3.eu-west-3.amazonaws.com/default.png]
[vicmart.salescabal.com/account/login.html]
[vicmart.salescabal.com/account/register.html]
[ajax.googleapis.com/ajax/libs/jquery/2.2.4/jquery.min.js]
[vicmart.salescabal.com/store/alpha/js/bundle.js]
[vicmart.salescabal.com/index.html]
[vicmart.salescabal.com/store/alpha/images/gradient/g30.png]
[vicmart.salescabal.com/store/alpha/images/gradient/g40.png]
[vicmart.salescabal.com/store/alpha/external/rs-plugin/assets/shadow1.png]
[vicmart.salescabal.com/store/alpha/external/rs-plugin/assets/shadow2.png]
[vicmart.salescabal.com/store/alpha/external/rs-plugin/assets/shadow3.png]
[vicmart.salescabal.com/store/alpha/external/rs-plugin/assets/gridtile.png]
[vicmart.salescabal.com/store/alpha/external/rs-plugin/assets/gridtile_white.png]
[vicmart.salescabal.com/store/alpha/external/rs-plugin/assets/gridtile_3x3.png]
[vicmart.salescabal.com/store/alpha/external/rs-plugin/assets/gridtile_3x3_white.png]
[vicmart.salescabal.com/store/alpha/external/rs-plugin/assets/boxed_bgtile.png]
[vicmart.salescabal.com/store/alpha/external/rs-plugin/assets/navigdots_bgtile.png]
[vicmart.salescabal.com/store/alpha/external/rs-plugin/assets/bullets.png]
[vicmart.salescabal.com/store/alpha/external/rs-plugin/assets/bullets2.png]
[vicmart.salescabal.com/store/alpha/external/rs-plugin/assets/bullet_boxed.png]
[vicmart.salescabal.com/store/alpha/external/rs-plugin/assets/navigdots.png]
[vicmart.salescabal.com/store/alpha/external/rs-plugin/assets/large_left.png]
[vicmart.salescabal.com/store/alpha/external/rs-plugin/assets/large_right.png]
[vicmart.salescabal.com/store/alpha/external/rs-plugin/assets/small_left.png]
[vicmart.salescabal.com/store/alpha/external/rs-plugin/assets/small_right.png]
[vicmart.salescabal.com/store/alpha/external/rs-plugin/assets/arrow_left.png]
[vicmart.salescabal.com/store/alpha/external/rs-plugin/assets/arrow_right.png]
[vicmart.salescabal.com/store/alpha/external/rs-plugin/assets/small_left_boxed.png]
[vicmart.salescabal.com/store/alpha/external/rs-plugin/assets/small_right_boxed.png]
[vicmart.salescabal.com/store/alpha/external/rs-plugin/assets/arrowleft.png]
[vicmart.salescabal.com/store/alpha/external/rs-plugin/assets/arrowright.png]
[vicmart.salescabal.com/store/alpha/external/rs-plugin/assets/arrow_left2.png]
[vicmart.salescabal.com/store/alpha/external/rs-plugin/assets/arrow_right2.png]
[vicmart.salescabal.com/store/alpha/external/rs-plugin/assets/timer.png]
[vicmart.salescabal.com/store/alpha/external/rs-plugin/assets/coloredbg.png]
[vicmart.salescabal.com/store/alpha/external/rs-plugin/assets/loader.gif]
[vicmart.salescabal.com/store/alpha/external/rs-plugin/font/revicons90c6.eot]
[vicmart.salescabal.com/store/alpha/external/rs-plugin/font/revicons90c6.woff]
[vicmart.salescabal.com/store/alpha/external/rs-plugin/font/revicons90c6.ttf]
[vicmart.salescabal.com/store/alpha/font/fonts/wokiee0959.eot]
[vicmart.salescabal.com/store/alpha/font/fonts/wokiee0959.ttf]
[vicmart.salescabal.com/store/alpha/font/fonts/wokiee0959.woff]
[vicmart.salescabal.com/store/alpha/images/custom/bg-discount.png]
[vicmart.salescabal.com/store/alpha/images/skin-carsshop/menu-bg-01.jpg]
[vicmart.salescabal.com/store/alpha/images/custom/contact-img-01.jpg]
[vicmart.salescabal.com/store/alpha/images/custom/comingsoon-img-01.jpg]
[vicmart.salescabal.com/store/alpha/images/custom/tt-gift-box-border2.png]
[vicmart.salescabal.com/store/alpha/images/custom/tt-gift-box-border1.png]
[vicmart.salescabal.com/store/alpha/images/custom/wrapper-section-01.jpg]
[vicmart.salescabal.com/store/alpha/css/style.min.css]
[vicmart.salescabal.com/collections.html]
[vicmart.salescabal.com/browse.html]
[vicmart.salescabal.com/cart.html]
[vicmart.salescabal.com/account/login.html]
[vicmart.salescabal.com/account/register.html]
[vicmart.salescabal.com/store/alpha/images/gradient/g30.html]
[vicmart.salescabal.com/store/alpha/images/gradient/g40.html]
[vicmart.salescabal.com/store/alpha/external/rs-plugin/font/revicons90c6.svg]
[vicmart.salescabal.com/store/alpha/font/fonts/wokiee0959.svg]
[vicmart.salescabal.com/store/alpha/images/custom/bg-discount.html]
[vicmart.salescabal.com/store/alpha/images/skin-carsshop/menu-bg-01.html]
[vicmart.salescabal.com/store/alpha/images/custom/contact-img-01.html]
[vicmart.salescabal.com/store/alpha/images/custom/comingsoon-img-01.html]
[vicmart.salescabal.com/store/alpha/images/custom/tt-gift-box-border2.html]
[vicmart.salescabal.com/store/alpha/images/custom/tt-gift-box-border1.html]
[vicmart.salescabal.com/store/alpha/images/custom/wrapper-section-01.html]
[vicmart.salescabal.com/store/alpha/images/loader.svg]
